invalid JPEG format: short Huffman data
